// Jest Snapshot v1, https://goo.gl/fbAQLP

exports[`Loading button renders correctly 1`] = `undefined`;
