// Jest Snapshot v1, https://goo.gl/fbAQLP

exports[`Loading calculator component renders correctly 1`] = `undefined`;
