// Jest Snapshot v1, https://goo.gl/fbAQLP

exports[`Loading quotes renders correctly 1`] = `undefined`;
